
Memory Configuration

Name             Origin             Length             Attributes
FLASH            0x08000000         0x00080000         xr
SRAM             0x20000000         0x00020000         xrw
*default*        0x00000000         0xffffffff

Linker script and memory map

LOAD CMakeFiles/stm32.elf.dir/startup/startup.s.obj
LOAD CMakeFiles/stm32.elf.dir/startup/faults.s.obj
LOAD CMakeFiles/stm32.elf.dir/src/main.c.obj
LOAD CMakeFiles/stm32.elf.dir/core/runtime.c.obj
LOAD CMakeFiles/stm32.elf.dir/core/system.c.obj
LOAD CMakeFiles/stm32.elf.dir/core/faults.c.obj
LOAD CMakeFiles/stm32.elf.dir/core/nvic.c.obj
LOAD CMakeFiles/stm32.elf.dir/drivers/gpio.c.obj
LOAD CMakeFiles/stm32.elf.dir/drivers/uart.c.obj
LOAD CMakeFiles/stm32.elf.dir/drivers/dma.c.obj
LOAD CMakeFiles/stm32.elf.dir/drivers/syscfg.c.obj
LOAD CMakeFiles/stm32.elf.dir/drivers/exti.c.obj
LOAD CMakeFiles/stm32.elf.dir/drivers/timer.c.obj
LOAD CMakeFiles/stm32.elf.dir/isr/isr.c.obj
START GROUP
LOAD g:/software/compilers/gcc_arm/gcc-arm-none-eabi-10.3-2021.10/bin/../lib/gcc/arm-none-eabi/10.3.1/thumb/v7e-m/nofp\libgcc.a
LOAD g:/software/compilers/gcc_arm/gcc-arm-none-eabi-10.3-2021.10/bin/../lib/gcc/arm-none-eabi/10.3.1/../../../../arm-none-eabi/lib/thumb/v7e-m/nofp\libg.a
LOAD g:/software/compilers/gcc_arm/gcc-arm-none-eabi-10.3-2021.10/bin/../lib/gcc/arm-none-eabi/10.3.1/../../../../arm-none-eabi/lib/thumb/v7e-m/nofp\libc.a
END GROUP
                0x20020000                _estack = (ORIGIN (SRAM) + LENGTH (SRAM))

.isr_vector     0x08000000      0x188
 *(.isr_vector)
 .isr_vector    0x08000000      0x188 CMakeFiles/stm32.elf.dir/startup/startup.s.obj
                0x08000000                g_pfnVectors

.rodata         0x08000188       0x13
 .rodata        0x08000188       0x13 CMakeFiles/stm32.elf.dir/src/main.c.obj

.text           0x0800019c     0x16e8
 *(.text*)
 .text          0x0800019c        0x0 CMakeFiles/stm32.elf.dir/startup/startup.s.obj
 .text.Reset_Handler
                0x0800019c       0x2a CMakeFiles/stm32.elf.dir/startup/startup.s.obj
                0x0800019c                Reset_Handler
                0x080001a2                SVC_Handler
                0x080001a8                PendSV_Handler
                0x080001ae                SysTick_Handler
                0x080001ba                DMA1_Stream6_IRQHandler
 .text          0x080001c6        0x0 CMakeFiles/stm32.elf.dir/startup/faults.s.obj
 .text.HardFault_Handler
                0x080001c6       0x14 CMakeFiles/stm32.elf.dir/startup/faults.s.obj
                0x080001c6                HardFault_Handler
 *fill*         0x080001da        0x2 
 .text          0x080001dc      0x110 CMakeFiles/stm32.elf.dir/src/main.c.obj
                0x08000248                main
 .text          0x080002ec       0x60 CMakeFiles/stm32.elf.dir/core/runtime.c.obj
                0x080002ec                runtime_init
 .text          0x0800034c       0x40 CMakeFiles/stm32.elf.dir/core/system.c.obj
                0x0800034c                NVIC_SystemReset
                0x08000370                SystemInit
 .text          0x0800038c       0x10 CMakeFiles/stm32.elf.dir/core/faults.c.obj
                0x0800038c                HardFault_Handler_C
                0x08000396                Default_Handler
 .text          0x0800039c      0x130 CMakeFiles/stm32.elf.dir/core/nvic.c.obj
                0x0800039c                NVIC_EnableIRQ
                0x080003d0                NVIC_DisableIRQ
                0x08000404                NVIC_SetPendingIRQ
                0x08000438                NVIC_ClearPendingIRQ
                0x0800046c                NVIC_SetPriority
                0x0800049c                NVIC_GPIOPinToIRQ
 .text          0x080004cc      0x1b0 CMakeFiles/stm32.elf.dir/drivers/gpio.c.obj
                0x080004cc                GPIO_EnableClock
                0x08000504                GPIO_SetMode
                0x0800056a                GPIO_ReadPin
                0x08000592                GPIO_WritePin
                0x080005d2                GPIO_SetPull
                0x08000638                GPIO_ToggleOutputPin
 .text          0x0800067c      0x9bc CMakeFiles/stm32.elf.dir/drivers/uart.c.obj
                0x08000b86                UART_GetHandle
                0x08000bd8                UART_Init
                0x08000c88                UART_WriteByte
                0x08000d04                UART_Write
                0x08000d5c                UART_WriteString
                0x08000da8                UART_WriteUint
                0x08000e48                UART_RxAvailable
                0x08000e80                UART_ReadByte
                0x08000ede                UART_IRQHandler
                0x08000f28                UART_Read_Byte
                0x08000f40                UART_AttachTxDMA
                0x08000f8c                UART_TransmitDMA
 .text          0x08001038      0x320 CMakeFiles/stm32.elf.dir/drivers/dma.c.obj
                0x080010d8                DMA_InitMemToPeriphTx
                0x08001164                DMA_StartTx
                0x08001204                DMA_Abort
                0x0800125e                DMA_IRQHandler
 .text          0x08001358       0x90 CMakeFiles/stm32.elf.dir/drivers/syscfg.c.obj
                0x08001358                SYSCFG_EnableClock
                0x08001374                SYSCFG_SetEXTISource
 .text          0x080013e8       0xac CMakeFiles/stm32.elf.dir/drivers/exti.c.obj
                0x080013e8                EXTI_EnableInterrupt
                0x08001414                EXTI_SetFallingEdge
                0x08001440                EXTI_IsPending
                0x08001470                EXTI_ClearPending
 .text          0x08001494      0x388 CMakeFiles/stm32.elf.dir/drivers/timer.c.obj
                0x08001494                TIM_Init
                0x080014ec                TIM_Start
                0x0800150a                TIM_Stop
                0x08001528                TIM_SetPrescaler
                0x08001546                TIM_SetAutoReload
                0x08001564                TIM_EnableUpdateInterrupt
                0x08001582                TIM_DisableUpdateInterrupt
                0x080015a0                TIM_IsUpdateEvent
                0x080015c4                TIM_ClearUpdateFlag
                0x080015de                TIM_GenerateUpdateEvent
                0x080015fc                TIM_EnableClock
                0x080016f8                TIM_DisableClock
                0x080017dc                TIM_EventSet
                0x080017f4                TIM_EventGet
 .text          0x0800181c       0x68 CMakeFiles/stm32.elf.dir/isr/isr.c.obj
                0x0800181c                EXTI15_10_IRQHandler
                0x0800184c                USART2_IRQHandler
                0x08001860                TIM6_DAC_IRQHandler

.glue_7         0x08001884        0x0
 .glue_7        0x08001884        0x0 linker stubs

.glue_7t        0x08001884        0x0
 .glue_7t       0x08001884        0x0 linker stubs

.vfp11_veneer   0x08001884        0x0
 .vfp11_veneer  0x08001884        0x0 linker stubs

.v4_bx          0x08001884        0x0
 .v4_bx         0x08001884        0x0 linker stubs

.iplt           0x08001884        0x0
 .iplt          0x08001884        0x0 CMakeFiles/stm32.elf.dir/startup/startup.s.obj

.rel.dyn        0x08001884        0x0
 .rel.iplt      0x08001884        0x0 CMakeFiles/stm32.elf.dir/startup/startup.s.obj

.data           0x20000000        0x0 load address 0x08001884
                0x20000000                _sdata = .
 *(.data*)
 .data          0x20000000        0x0 CMakeFiles/stm32.elf.dir/startup/startup.s.obj
 .data          0x20000000        0x0 CMakeFiles/stm32.elf.dir/startup/faults.s.obj
 .data          0x20000000        0x0 CMakeFiles/stm32.elf.dir/src/main.c.obj
 .data          0x20000000        0x0 CMakeFiles/stm32.elf.dir/core/runtime.c.obj
 .data          0x20000000        0x0 CMakeFiles/stm32.elf.dir/core/system.c.obj
 .data          0x20000000        0x0 CMakeFiles/stm32.elf.dir/core/faults.c.obj
 .data          0x20000000        0x0 CMakeFiles/stm32.elf.dir/core/nvic.c.obj
 .data          0x20000000        0x0 CMakeFiles/stm32.elf.dir/drivers/gpio.c.obj
 .data          0x20000000        0x0 CMakeFiles/stm32.elf.dir/drivers/uart.c.obj
 .data          0x20000000        0x0 CMakeFiles/stm32.elf.dir/drivers/dma.c.obj
 .data          0x20000000        0x0 CMakeFiles/stm32.elf.dir/drivers/syscfg.c.obj
 .data          0x20000000        0x0 CMakeFiles/stm32.elf.dir/drivers/exti.c.obj
 .data          0x20000000        0x0 CMakeFiles/stm32.elf.dir/drivers/timer.c.obj
 .data          0x20000000        0x0 CMakeFiles/stm32.elf.dir/isr/isr.c.obj
                0x20000000                _edata = .
                0x08001884                _sidata = LOADADDR (.data)

.igot.plt       0x20000000        0x0 load address 0x08001884
 .igot.plt      0x20000000        0x0 CMakeFiles/stm32.elf.dir/startup/startup.s.obj

.bss            0x20000000      0x135 load address 0x08001884
                0x20000000                _sbss = .
 *(.bss*)
 .bss           0x20000000        0x0 CMakeFiles/stm32.elf.dir/startup/startup.s.obj
 .bss           0x20000000        0x0 CMakeFiles/stm32.elf.dir/startup/faults.s.obj
 .bss           0x20000000      0x120 CMakeFiles/stm32.elf.dir/src/main.c.obj
 .bss           0x20000120        0x0 CMakeFiles/stm32.elf.dir/core/runtime.c.obj
 .bss           0x20000120        0x0 CMakeFiles/stm32.elf.dir/core/system.c.obj
 .bss           0x20000120        0x0 CMakeFiles/stm32.elf.dir/core/faults.c.obj
 .bss           0x20000120        0x0 CMakeFiles/stm32.elf.dir/core/nvic.c.obj
 .bss           0x20000120        0x0 CMakeFiles/stm32.elf.dir/drivers/gpio.c.obj
 .bss           0x20000120       0x14 CMakeFiles/stm32.elf.dir/drivers/uart.c.obj
 .bss           0x20000134        0x0 CMakeFiles/stm32.elf.dir/drivers/dma.c.obj
 .bss           0x20000134        0x0 CMakeFiles/stm32.elf.dir/drivers/syscfg.c.obj
 .bss           0x20000134        0x0 CMakeFiles/stm32.elf.dir/drivers/exti.c.obj
 .bss           0x20000134        0x1 CMakeFiles/stm32.elf.dir/drivers/timer.c.obj
 .bss           0x20000135        0x0 CMakeFiles/stm32.elf.dir/isr/isr.c.obj
 *(COMMON)
                0x20000135                _ebss = .
OUTPUT(stm32.elf elf32-littlearm)
LOAD linker stubs

.ARM.attributes
                0x00000000       0x2f
 .ARM.attributes
                0x00000000       0x21 CMakeFiles/stm32.elf.dir/startup/startup.s.obj
 .ARM.attributes
                0x00000021       0x21 CMakeFiles/stm32.elf.dir/startup/faults.s.obj
 .ARM.attributes
                0x00000042       0x2e CMakeFiles/stm32.elf.dir/src/main.c.obj
 .ARM.attributes
                0x00000070       0x2e CMakeFiles/stm32.elf.dir/core/runtime.c.obj
 .ARM.attributes
                0x0000009e       0x2e CMakeFiles/stm32.elf.dir/core/system.c.obj
 .ARM.attributes
                0x000000cc       0x2e CMakeFiles/stm32.elf.dir/core/faults.c.obj
 .ARM.attributes
                0x000000fa       0x2e CMakeFiles/stm32.elf.dir/core/nvic.c.obj
 .ARM.attributes
                0x00000128       0x2e CMakeFiles/stm32.elf.dir/drivers/gpio.c.obj
 .ARM.attributes
                0x00000156       0x2e CMakeFiles/stm32.elf.dir/drivers/uart.c.obj
 .ARM.attributes
                0x00000184       0x2e CMakeFiles/stm32.elf.dir/drivers/dma.c.obj
 .ARM.attributes
                0x000001b2       0x2e CMakeFiles/stm32.elf.dir/drivers/syscfg.c.obj
 .ARM.attributes
                0x000001e0       0x2e CMakeFiles/stm32.elf.dir/drivers/exti.c.obj
 .ARM.attributes
                0x0000020e       0x2e CMakeFiles/stm32.elf.dir/drivers/timer.c.obj
 .ARM.attributes
                0x0000023c       0x2e CMakeFiles/stm32.elf.dir/isr/isr.c.obj

.comment        0x00000000       0x49
 .comment       0x00000000       0x49 CMakeFiles/stm32.elf.dir/src/main.c.obj
                                 0x4a (size before relaxing)
 .comment       0x00000049       0x4a CMakeFiles/stm32.elf.dir/core/runtime.c.obj
 .comment       0x00000049       0x4a CMakeFiles/stm32.elf.dir/core/system.c.obj
 .comment       0x00000049       0x4a CMakeFiles/stm32.elf.dir/core/faults.c.obj
 .comment       0x00000049       0x4a CMakeFiles/stm32.elf.dir/core/nvic.c.obj
 .comment       0x00000049       0x4a CMakeFiles/stm32.elf.dir/drivers/gpio.c.obj
 .comment       0x00000049       0x4a CMakeFiles/stm32.elf.dir/drivers/uart.c.obj
 .comment       0x00000049       0x4a CMakeFiles/stm32.elf.dir/drivers/dma.c.obj
 .comment       0x00000049       0x4a CMakeFiles/stm32.elf.dir/drivers/syscfg.c.obj
 .comment       0x00000049       0x4a CMakeFiles/stm32.elf.dir/drivers/exti.c.obj
 .comment       0x00000049       0x4a CMakeFiles/stm32.elf.dir/drivers/timer.c.obj
 .comment       0x00000049       0x4a CMakeFiles/stm32.elf.dir/isr/isr.c.obj

.debug_line     0x00000000     0x1488
 .debug_line    0x00000000       0x56 CMakeFiles/stm32.elf.dir/startup/startup.s.obj
 .debug_line    0x00000056       0x48 CMakeFiles/stm32.elf.dir/startup/faults.s.obj
 .debug_line    0x0000009e      0x137 CMakeFiles/stm32.elf.dir/src/main.c.obj
 .debug_line    0x000001d5       0xe7 CMakeFiles/stm32.elf.dir/core/runtime.c.obj
 .debug_line    0x000002bc       0xd3 CMakeFiles/stm32.elf.dir/core/system.c.obj
 .debug_line    0x0000038f       0xc5 CMakeFiles/stm32.elf.dir/core/faults.c.obj
 .debug_line    0x00000454      0x130 CMakeFiles/stm32.elf.dir/core/nvic.c.obj
 .debug_line    0x00000584      0x1c2 CMakeFiles/stm32.elf.dir/drivers/gpio.c.obj
 .debug_line    0x00000746      0x5a3 CMakeFiles/stm32.elf.dir/drivers/uart.c.obj
 .debug_line    0x00000ce9      0x28f CMakeFiles/stm32.elf.dir/drivers/dma.c.obj
 .debug_line    0x00000f78       0xe2 CMakeFiles/stm32.elf.dir/drivers/syscfg.c.obj
 .debug_line    0x0000105a       0xf9 CMakeFiles/stm32.elf.dir/drivers/exti.c.obj
 .debug_line    0x00001153      0x22b CMakeFiles/stm32.elf.dir/drivers/timer.c.obj
 .debug_line    0x0000137e      0x10a CMakeFiles/stm32.elf.dir/isr/isr.c.obj

.debug_info     0x00000000     0x2abe
 .debug_info    0x00000000       0x26 CMakeFiles/stm32.elf.dir/startup/startup.s.obj
 .debug_info    0x00000026       0x26 CMakeFiles/stm32.elf.dir/startup/faults.s.obj
 .debug_info    0x0000004c      0x5f7 CMakeFiles/stm32.elf.dir/src/main.c.obj
 .debug_info    0x00000643       0xef CMakeFiles/stm32.elf.dir/core/runtime.c.obj
 .debug_info    0x00000732       0xa8 CMakeFiles/stm32.elf.dir/core/system.c.obj
 .debug_info    0x000007da      0x12e CMakeFiles/stm32.elf.dir/core/faults.c.obj
 .debug_info    0x00000908      0x20b CMakeFiles/stm32.elf.dir/core/nvic.c.obj
 .debug_info    0x00000b13      0x3ee CMakeFiles/stm32.elf.dir/drivers/gpio.c.obj
 .debug_info    0x00000f01      0xc3c CMakeFiles/stm32.elf.dir/drivers/uart.c.obj
 .debug_info    0x00001b3d      0x540 CMakeFiles/stm32.elf.dir/drivers/dma.c.obj
 .debug_info    0x0000207d      0x14d CMakeFiles/stm32.elf.dir/drivers/syscfg.c.obj
 .debug_info    0x000021ca      0x184 CMakeFiles/stm32.elf.dir/drivers/exti.c.obj
 .debug_info    0x0000234e      0x4f7 CMakeFiles/stm32.elf.dir/drivers/timer.c.obj
 .debug_info    0x00002845      0x279 CMakeFiles/stm32.elf.dir/isr/isr.c.obj

.debug_abbrev   0x00000000      0xccb
 .debug_abbrev  0x00000000       0x14 CMakeFiles/stm32.elf.dir/startup/startup.s.obj
 .debug_abbrev  0x00000014       0x14 CMakeFiles/stm32.elf.dir/startup/faults.s.obj
 .debug_abbrev  0x00000028      0x13c CMakeFiles/stm32.elf.dir/src/main.c.obj
 .debug_abbrev  0x00000164       0x82 CMakeFiles/stm32.elf.dir/core/runtime.c.obj
 .debug_abbrev  0x000001e6       0x66 CMakeFiles/stm32.elf.dir/core/system.c.obj
 .debug_abbrev  0x0000024c       0xa9 CMakeFiles/stm32.elf.dir/core/faults.c.obj
 .debug_abbrev  0x000002f5       0xf9 CMakeFiles/stm32.elf.dir/core/nvic.c.obj
 .debug_abbrev  0x000003ee      0x12f CMakeFiles/stm32.elf.dir/drivers/gpio.c.obj
 .debug_abbrev  0x0000051d      0x278 CMakeFiles/stm32.elf.dir/drivers/uart.c.obj
 .debug_abbrev  0x00000795      0x197 CMakeFiles/stm32.elf.dir/drivers/dma.c.obj
 .debug_abbrev  0x0000092c       0xdb CMakeFiles/stm32.elf.dir/drivers/syscfg.c.obj
 .debug_abbrev  0x00000a07       0xd6 CMakeFiles/stm32.elf.dir/drivers/exti.c.obj
 .debug_abbrev  0x00000add      0x163 CMakeFiles/stm32.elf.dir/drivers/timer.c.obj
 .debug_abbrev  0x00000c40       0x8b CMakeFiles/stm32.elf.dir/isr/isr.c.obj

.debug_aranges  0x00000000      0x1c0
 .debug_aranges
                0x00000000       0x20 CMakeFiles/stm32.elf.dir/startup/startup.s.obj
 .debug_aranges
                0x00000020       0x20 CMakeFiles/stm32.elf.dir/startup/faults.s.obj
 .debug_aranges
                0x00000040       0x20 CMakeFiles/stm32.elf.dir/src/main.c.obj
 .debug_aranges
                0x00000060       0x20 CMakeFiles/stm32.elf.dir/core/runtime.c.obj
 .debug_aranges
                0x00000080       0x20 CMakeFiles/stm32.elf.dir/core/system.c.obj
 .debug_aranges
                0x000000a0       0x20 CMakeFiles/stm32.elf.dir/core/faults.c.obj
 .debug_aranges
                0x000000c0       0x20 CMakeFiles/stm32.elf.dir/core/nvic.c.obj
 .debug_aranges
                0x000000e0       0x20 CMakeFiles/stm32.elf.dir/drivers/gpio.c.obj
 .debug_aranges
                0x00000100       0x20 CMakeFiles/stm32.elf.dir/drivers/uart.c.obj
 .debug_aranges
                0x00000120       0x20 CMakeFiles/stm32.elf.dir/drivers/dma.c.obj
 .debug_aranges
                0x00000140       0x20 CMakeFiles/stm32.elf.dir/drivers/syscfg.c.obj
 .debug_aranges
                0x00000160       0x20 CMakeFiles/stm32.elf.dir/drivers/exti.c.obj
 .debug_aranges
                0x00000180       0x20 CMakeFiles/stm32.elf.dir/drivers/timer.c.obj
 .debug_aranges
                0x000001a0       0x20 CMakeFiles/stm32.elf.dir/isr/isr.c.obj

.debug_str      0x00000000      0xcc1
 .debug_str     0x00000000       0x5c CMakeFiles/stm32.elf.dir/startup/startup.s.obj
 .debug_str     0x0000005c       0x14 CMakeFiles/stm32.elf.dir/startup/faults.s.obj
                                 0x5b (size before relaxing)
 .debug_str     0x00000070      0x411 CMakeFiles/stm32.elf.dir/src/main.c.obj
                                0x485 (size before relaxing)
 .debug_str     0x00000481       0x41 CMakeFiles/stm32.elf.dir/core/runtime.c.obj
                                0x185 (size before relaxing)
 .debug_str     0x000004c2       0x3a CMakeFiles/stm32.elf.dir/core/system.c.obj
                                0x17e (size before relaxing)
 .debug_str     0x000004fc       0x52 CMakeFiles/stm32.elf.dir/core/faults.c.obj
                                0x196 (size before relaxing)
 .debug_str     0x0000054e       0xa8 CMakeFiles/stm32.elf.dir/core/nvic.c.obj
                                0x1f4 (size before relaxing)
 .debug_str     0x000005f6      0x135 CMakeFiles/stm32.elf.dir/drivers/gpio.c.obj
                                0x30f (size before relaxing)
 .debug_str     0x0000072b      0x29e CMakeFiles/stm32.elf.dir/drivers/uart.c.obj
                                0x6e3 (size before relaxing)
 .debug_str     0x000009c9       0xae CMakeFiles/stm32.elf.dir/drivers/dma.c.obj
                                0x3ac (size before relaxing)
 .debug_str     0x00000a77       0x73 CMakeFiles/stm32.elf.dir/drivers/syscfg.c.obj
                                0x1ca (size before relaxing)
 .debug_str     0x00000aea       0x79 CMakeFiles/stm32.elf.dir/drivers/exti.c.obj
                                0x1cf (size before relaxing)
 .debug_str     0x00000b63      0x116 CMakeFiles/stm32.elf.dir/drivers/timer.c.obj
                                0x362 (size before relaxing)
 .debug_str     0x00000c79       0x48 CMakeFiles/stm32.elf.dir/isr/isr.c.obj
                                0x225 (size before relaxing)

.debug_frame    0x00000000      0xc2c
 .debug_frame   0x00000000       0x6c CMakeFiles/stm32.elf.dir/src/main.c.obj
 .debug_frame   0x0000006c       0x30 CMakeFiles/stm32.elf.dir/core/runtime.c.obj
 .debug_frame   0x0000009c       0x50 CMakeFiles/stm32.elf.dir/core/system.c.obj
 .debug_frame   0x000000ec       0x44 CMakeFiles/stm32.elf.dir/core/faults.c.obj
 .debug_frame   0x00000130      0x100 CMakeFiles/stm32.elf.dir/core/nvic.c.obj
 .debug_frame   0x00000230      0x100 CMakeFiles/stm32.elf.dir/drivers/gpio.c.obj
 .debug_frame   0x00000330      0x434 CMakeFiles/stm32.elf.dir/drivers/uart.c.obj
 .debug_frame   0x00000764      0x138 CMakeFiles/stm32.elf.dir/drivers/dma.c.obj
 .debug_frame   0x0000089c       0x58 CMakeFiles/stm32.elf.dir/drivers/syscfg.c.obj
 .debug_frame   0x000008f4       0xb0 CMakeFiles/stm32.elf.dir/drivers/exti.c.obj
 .debug_frame   0x000009a4      0x224 CMakeFiles/stm32.elf.dir/drivers/timer.c.obj
 .debug_frame   0x00000bc8       0x64 CMakeFiles/stm32.elf.dir/isr/isr.c.obj

.debug_ranges   0x00000000       0x18
 .debug_ranges  0x00000000       0x18 CMakeFiles/stm32.elf.dir/drivers/uart.c.obj
