
Memory Configuration

Name             Origin             Length             Attributes
FLASH            0x08000000         0x00080000         xr
SRAM             0x20000000         0x00020000         xrw
*default*        0x00000000         0xffffffff

Linker script and memory map

LOAD CMakeFiles/stm32.elf.dir/startup.s.obj
LOAD CMakeFiles/stm32.elf.dir/src/main.c.obj
START GROUP
LOAD g:/software/compilers/gcc_arm/gcc-arm-none-eabi-10.3-2021.10/bin/../lib/gcc/arm-none-eabi/10.3.1/thumb/v7e-m/nofp\libgcc.a
LOAD g:/software/compilers/gcc_arm/gcc-arm-none-eabi-10.3-2021.10/bin/../lib/gcc/arm-none-eabi/10.3.1/../../../../arm-none-eabi/lib/thumb/v7e-m/nofp\libg.a
LOAD g:/software/compilers/gcc_arm/gcc-arm-none-eabi-10.3-2021.10/bin/../lib/gcc/arm-none-eabi/10.3.1/../../../../arm-none-eabi/lib/thumb/v7e-m/nofp\libc.a
END GROUP
                0x20020000                _estack = (ORIGIN (SRAM) + LENGTH (SRAM))

.isr_vector     0x08000000        0x8
 *(.isr_vector)
 .isr_vector    0x08000000        0x8 CMakeFiles/stm32.elf.dir/startup.s.obj

.text           0x08000000       0x84
 *(.text*)
 .text          0x08000000        0x6 CMakeFiles/stm32.elf.dir/startup.s.obj
                0x08000000                Reset_Handler
 *fill*         0x08000006        0x2 
 .text          0x08000008       0x7c CMakeFiles/stm32.elf.dir/src/main.c.obj
                0x08000008                main
 *(.rodata*)

.glue_7         0x08000084        0x0
 .glue_7        0x08000084        0x0 linker stubs

.glue_7t        0x08000084        0x0
 .glue_7t       0x08000084        0x0 linker stubs

.vfp11_veneer   0x08000084        0x0
 .vfp11_veneer  0x08000084        0x0 linker stubs

.v4_bx          0x08000084        0x0
 .v4_bx         0x08000084        0x0 linker stubs

.iplt           0x08000084        0x0
 .iplt          0x08000084        0x0 CMakeFiles/stm32.elf.dir/startup.s.obj

.rel.dyn        0x08000084        0x0
 .rel.iplt      0x08000084        0x0 CMakeFiles/stm32.elf.dir/startup.s.obj

.data           0x20000000        0x0 load address 0x08000084
 *(.data*)
 .data          0x20000000        0x0 CMakeFiles/stm32.elf.dir/startup.s.obj
 .data          0x20000000        0x0 CMakeFiles/stm32.elf.dir/src/main.c.obj

.igot.plt       0x20000000        0x0 load address 0x08000084
 .igot.plt      0x20000000        0x0 CMakeFiles/stm32.elf.dir/startup.s.obj

.bss            0x20000000        0x0 load address 0x08000084
 *(.bss*)
 .bss           0x20000000        0x0 CMakeFiles/stm32.elf.dir/startup.s.obj
 .bss           0x20000000        0x0 CMakeFiles/stm32.elf.dir/src/main.c.obj
 *(COMMON)
OUTPUT(stm32.elf elf32-littlearm)
LOAD linker stubs

.ARM.attributes
                0x00000000       0x2f
 .ARM.attributes
                0x00000000       0x21 CMakeFiles/stm32.elf.dir/startup.s.obj
 .ARM.attributes
                0x00000021       0x2e CMakeFiles/stm32.elf.dir/src/main.c.obj

.comment        0x00000000       0x49
 .comment       0x00000000       0x49 CMakeFiles/stm32.elf.dir/src/main.c.obj
                                 0x4a (size before relaxing)

.debug_line     0x00000000      0x14f
 .debug_line    0x00000000       0x3d CMakeFiles/stm32.elf.dir/startup.s.obj
 .debug_line    0x0000003d      0x112 CMakeFiles/stm32.elf.dir/src/main.c.obj

.debug_info     0x00000000       0xea
 .debug_info    0x00000000       0x26 CMakeFiles/stm32.elf.dir/startup.s.obj
 .debug_info    0x00000026       0xc4 CMakeFiles/stm32.elf.dir/src/main.c.obj

.debug_abbrev   0x00000000       0x9b
 .debug_abbrev  0x00000000       0x14 CMakeFiles/stm32.elf.dir/startup.s.obj
 .debug_abbrev  0x00000014       0x87 CMakeFiles/stm32.elf.dir/src/main.c.obj

.debug_aranges  0x00000000       0x40
 .debug_aranges
                0x00000000       0x20 CMakeFiles/stm32.elf.dir/startup.s.obj
 .debug_aranges
                0x00000020       0x20 CMakeFiles/stm32.elf.dir/src/main.c.obj

.debug_str      0x00000000      0x148
 .debug_str     0x00000000       0x58 CMakeFiles/stm32.elf.dir/startup.s.obj
 .debug_str     0x00000058       0xf0 CMakeFiles/stm32.elf.dir/src/main.c.obj
                                0x161 (size before relaxing)

.debug_frame    0x00000000       0x2c
 .debug_frame   0x00000000       0x2c CMakeFiles/stm32.elf.dir/src/main.c.obj
