Archive member included to satisfy reference by file (symbol)

g:/software/compilers/gcc_arm/gcc-arm-none-eabi-10.3-2021.10/bin/../lib/gcc/arm-none-eabi/10.3.1/../../../../arm-none-eabi/lib/thumb/v7e-m+fp/hard\libg.a(lib_a-memcpy.o)
                              CMakeFiles/stm32.elf.dir/F_/projects/comp_sci/embedded/libraries/FreeRTOS-LTS/FreeRTOS/FreeRTOS-Kernel/queue.c.obj (memcpy)
g:/software/compilers/gcc_arm/gcc-arm-none-eabi-10.3-2021.10/bin/../lib/gcc/arm-none-eabi/10.3.1/../../../../arm-none-eabi/lib/thumb/v7e-m+fp/hard\libg.a(lib_a-memset.o)
                              CMakeFiles/stm32.elf.dir/F_/projects/comp_sci/embedded/libraries/FreeRTOS-LTS/FreeRTOS/FreeRTOS-Kernel/tasks.c.obj (memset)
g:/software/compilers/gcc_arm/gcc-arm-none-eabi-10.3-2021.10/bin/../lib/gcc/arm-none-eabi/10.3.1/../../../../arm-none-eabi/lib/thumb/v7e-m+fp/hard\libg.a(lib_a-strcmp.o)
                              CMakeFiles/stm32.elf.dir/rtos/console_task.c.obj (strcmp)
g:/software/compilers/gcc_arm/gcc-arm-none-eabi-10.3-2021.10/bin/../lib/gcc/arm-none-eabi/10.3.1/../../../../arm-none-eabi/lib/thumb/v7e-m+fp/hard\libg.a(lib_a-strncmp.o)
                              CMakeFiles/stm32.elf.dir/rtos/console_task.c.obj (strncmp)
g:/software/compilers/gcc_arm/gcc-arm-none-eabi-10.3-2021.10/bin/../lib/gcc/arm-none-eabi/10.3.1/../../../../arm-none-eabi/lib/thumb/v7e-m+fp/hard\libg.a(lib_a-strtol.o)
                              CMakeFiles/stm32.elf.dir/rtos/console_task.c.obj (strtol)
g:/software/compilers/gcc_arm/gcc-arm-none-eabi-10.3-2021.10/bin/../lib/gcc/arm-none-eabi/10.3.1/../../../../arm-none-eabi/lib/thumb/v7e-m+fp/hard\libg.a(lib_a-ctype_.o)
                              g:/software/compilers/gcc_arm/gcc-arm-none-eabi-10.3-2021.10/bin/../lib/gcc/arm-none-eabi/10.3.1/../../../../arm-none-eabi/lib/thumb/v7e-m+fp/hard\libg.a(lib_a-strtol.o) (_ctype_)
g:/software/compilers/gcc_arm/gcc-arm-none-eabi-10.3-2021.10/bin/../lib/gcc/arm-none-eabi/10.3.1/../../../../arm-none-eabi/lib/thumb/v7e-m+fp/hard\libg.a(lib_a-errno.o)
                              g:/software/compilers/gcc_arm/gcc-arm-none-eabi-10.3-2021.10/bin/../lib/gcc/arm-none-eabi/10.3.1/../../../../arm-none-eabi/lib/thumb/v7e-m+fp/hard\libg.a(lib_a-strtol.o) (__errno)
g:/software/compilers/gcc_arm/gcc-arm-none-eabi-10.3-2021.10/bin/../lib/gcc/arm-none-eabi/10.3.1/../../../../arm-none-eabi/lib/thumb/v7e-m+fp/hard\libg.a(lib_a-impure.o)
                              g:/software/compilers/gcc_arm/gcc-arm-none-eabi-10.3-2021.10/bin/../lib/gcc/arm-none-eabi/10.3.1/../../../../arm-none-eabi/lib/thumb/v7e-m+fp/hard\libg.a(lib_a-strtol.o) (_impure_ptr)

Memory Configuration

Name             Origin             Length             Attributes
FLASH            0x08000000         0x00080000         xr
SRAM             0x20000000         0x00020000         xrw
*default*        0x00000000         0xffffffff

Linker script and memory map

LOAD CMakeFiles/stm32.elf.dir/startup/startup.s.obj
LOAD CMakeFiles/stm32.elf.dir/startup/faults.s.obj
LOAD CMakeFiles/stm32.elf.dir/src/main.c.obj
LOAD CMakeFiles/stm32.elf.dir/core/runtime.c.obj
LOAD CMakeFiles/stm32.elf.dir/core/faults.c.obj
LOAD CMakeFiles/stm32.elf.dir/drivers/gpio.c.obj
LOAD CMakeFiles/stm32.elf.dir/drivers/timer.c.obj
LOAD CMakeFiles/stm32.elf.dir/drivers/dma.c.obj
LOAD CMakeFiles/stm32.elf.dir/drivers/uart.c.obj
LOAD CMakeFiles/stm32.elf.dir/motion/stepper.c.obj
LOAD CMakeFiles/stm32.elf.dir/rtos/app_tasks.c.obj
LOAD CMakeFiles/stm32.elf.dir/rtos/motion_task.c.obj
LOAD CMakeFiles/stm32.elf.dir/rtos/monitor_task.c.obj
LOAD CMakeFiles/stm32.elf.dir/rtos/console_task.c.obj
LOAD CMakeFiles/stm32.elf.dir/bsp/console.c.obj
LOAD CMakeFiles/stm32.elf.dir/isr/isr.c.obj
LOAD CMakeFiles/stm32.elf.dir/F_/projects/comp_sci/embedded/libraries/FreeRTOS-LTS/FreeRTOS/FreeRTOS-Kernel/tasks.c.obj
LOAD CMakeFiles/stm32.elf.dir/F_/projects/comp_sci/embedded/libraries/FreeRTOS-LTS/FreeRTOS/FreeRTOS-Kernel/queue.c.obj
LOAD CMakeFiles/stm32.elf.dir/F_/projects/comp_sci/embedded/libraries/FreeRTOS-LTS/FreeRTOS/FreeRTOS-Kernel/list.c.obj
LOAD CMakeFiles/stm32.elf.dir/F_/projects/comp_sci/embedded/libraries/FreeRTOS-LTS/FreeRTOS/FreeRTOS-Kernel/portable/GCC/ARM_CM4F/port.c.obj
LOAD CMakeFiles/stm32.elf.dir/F_/projects/comp_sci/embedded/libraries/FreeRTOS-LTS/FreeRTOS/FreeRTOS-Kernel/portable/MemMang/heap_4.c.obj
START GROUP
LOAD g:/software/compilers/gcc_arm/gcc-arm-none-eabi-10.3-2021.10/bin/../lib/gcc/arm-none-eabi/10.3.1/thumb/v7e-m+fp/hard\libgcc.a
LOAD g:/software/compilers/gcc_arm/gcc-arm-none-eabi-10.3-2021.10/bin/../lib/gcc/arm-none-eabi/10.3.1/../../../../arm-none-eabi/lib/thumb/v7e-m+fp/hard\libg.a
LOAD g:/software/compilers/gcc_arm/gcc-arm-none-eabi-10.3-2021.10/bin/../lib/gcc/arm-none-eabi/10.3.1/../../../../arm-none-eabi/lib/thumb/v7e-m+fp/hard\libc.a
END GROUP
                0x20020000                _estack = (ORIGIN (SRAM) + LENGTH (SRAM))

.isr_vector     0x08000000      0x188
 *(.isr_vector)
 .isr_vector    0x08000000      0x188 CMakeFiles/stm32.elf.dir/startup/startup.s.obj
                0x08000000                g_pfnVectors

.rodata         0x08000188      0x1a4
 .rodata        0x08000188       0x14 CMakeFiles/stm32.elf.dir/src/main.c.obj
 .rodata        0x0800019c       0x19 CMakeFiles/stm32.elf.dir/rtos/app_tasks.c.obj
 *fill*         0x080001b5        0x3 
 .rodata        0x080001b8       0x8c CMakeFiles/stm32.elf.dir/rtos/motion_task.c.obj
 .rodata        0x08000244        0x6 CMakeFiles/stm32.elf.dir/rtos/monitor_task.c.obj
 *fill*         0x0800024a        0x2 
 .rodata        0x0800024c       0xce CMakeFiles/stm32.elf.dir/rtos/console_task.c.obj
 *fill*         0x0800031a        0x2 
 .rodata        0x0800031c        0x5 CMakeFiles/stm32.elf.dir/F_/projects/comp_sci/embedded/libraries/FreeRTOS-LTS/FreeRTOS/FreeRTOS-Kernel/tasks.c.obj
 *fill*         0x08000321        0x3 
 .rodata        0x08000324        0x4 CMakeFiles/stm32.elf.dir/F_/projects/comp_sci/embedded/libraries/FreeRTOS-LTS/FreeRTOS/FreeRTOS-Kernel/portable/GCC/ARM_CM4F/port.c.obj
 .rodata        0x08000328        0x4 CMakeFiles/stm32.elf.dir/F_/projects/comp_sci/embedded/libraries/FreeRTOS-LTS/FreeRTOS/FreeRTOS-Kernel/portable/MemMang/heap_4.c.obj

.rodata._ctype_
                0x0800032c      0x101
 .rodata._ctype_
                0x0800032c      0x101 g:/software/compilers/gcc_arm/gcc-arm-none-eabi-10.3-2021.10/bin/../lib/gcc/arm-none-eabi/10.3.1/../../../../arm-none-eabi/lib/thumb/v7e-m+fp/hard\libg.a(lib_a-ctype_.o)
                0x0800032c                _ctype_

.rodata._global_impure_ptr
                0x08000430        0x4
 .rodata._global_impure_ptr
                0x08000430        0x4 g:/software/compilers/gcc_arm/gcc-arm-none-eabi-10.3-2021.10/bin/../lib/gcc/arm-none-eabi/10.3.1/../../../../arm-none-eabi/lib/thumb/v7e-m+fp/hard\libg.a(lib_a-impure.o)
                0x08000430                _global_impure_ptr

.text           0x08000440     0x6d7c
 *(.text*)
 .text          0x08000440        0x0 CMakeFiles/stm32.elf.dir/startup/startup.s.obj
 .text.Reset_Handler
                0x08000440       0x30 CMakeFiles/stm32.elf.dir/startup/startup.s.obj
                0x08000440                Reset_Handler
                0x08000458                EXTI15_10_IRQHandler
                0x0800045e                DMA1_Stream6_IRQHandler
 .text          0x08000470        0x0 CMakeFiles/stm32.elf.dir/startup/faults.s.obj
 .text.HardFault_Handler
                0x08000470       0x14 CMakeFiles/stm32.elf.dir/startup/faults.s.obj
                0x08000470                HardFault_Handler
 .text          0x08000484      0x184 CMakeFiles/stm32.elf.dir/src/main.c.obj
                0x08000560                main
 .text          0x08000608       0x5c CMakeFiles/stm32.elf.dir/core/runtime.c.obj
                0x08000608                runtime_init
 .text          0x08000664       0x10 CMakeFiles/stm32.elf.dir/core/faults.c.obj
                0x08000664                HardFault_Handler_C
                0x0800066e                Default_Handler
 .text          0x08000674      0x1c0 CMakeFiles/stm32.elf.dir/drivers/gpio.c.obj
                0x08000674                GPIO_EnableClock
                0x080006b0                GPIO_SetMode
                0x08000718                GPIO_ReadPin
                0x08000742                GPIO_WritePin
                0x08000784                GPIO_SetPull
                0x080007ec                GPIO_ToggleOutputPin
 .text          0x08000834      0x39c CMakeFiles/stm32.elf.dir/drivers/timer.c.obj
                0x08000834                TIM_Init
                0x0800088c                TIM_Start
                0x080008ac                TIM_Stop
                0x080008cc                TIM_SetPrescaler
                0x080008ea                TIM_SetAutoReload
                0x08000908                TIM_EnableUpdateInterrupt
                0x08000928                TIM_DisableUpdateInterrupt
                0x08000948                TIM_IsUpdateEvent
                0x0800096e                TIM_ClearUpdateFlag
                0x0800098a                TIM_GenerateUpdateEvent
                0x080009aa                TIM_EnableClock
                0x08000aa8                TIM_DisableClock
                0x08000b90                TIM_EventSet
                0x08000ba8                TIM_EventGet
 .text          0x08000bd0      0x32c CMakeFiles/stm32.elf.dir/drivers/dma.c.obj
                0x08000c7a                DMA_InitMemToPeriphTx
                0x08000d06                DMA_StartTx
                0x08000da6                DMA_Abort
                0x08000e00                DMA_IRQHandler
 .text          0x08000efc      0x9cc CMakeFiles/stm32.elf.dir/drivers/uart.c.obj
                0x08001416                UART_GetHandle
                0x08001468                UART_Init
                0x08001518                UART_WriteByte
                0x08001594                UART_Write
                0x080015ec                UART_WriteString
                0x08001638                UART_WriteUint
                0x080016d8                UART_RxAvailable
                0x08001710                UART_ReadByte
                0x0800176e                UART_IRQHandler
                0x080017b8                UART_Read_Byte
                0x080017d2                UART_AttachTxDMA
                0x0800181c                UART_TransmitDMA
 .text          0x080018c8      0x2fc CMakeFiles/stm32.elf.dir/motion/stepper.c.obj
                0x08001900                Stepper_Init
                0x08001998                Stepper_Enable
                0x080019d4                Stepper_SetDir
                0x08001a10                Stepper_SetRateHz
                0x08001a38                Stepper_StartMove
                0x08001aa4                Stepper_Stop
                0x08001adc                Stepper_IsBusy
                0x08001b00                Stepper_GetStepsDone
                0x08001b18                Stepper_GetTargetSteps
                0x08001b30                Stepper_TimerISR
 .text          0x08001bc4       0xd4 CMakeFiles/stm32.elf.dir/rtos/app_tasks.c.obj
                0x08001bc4                AppTasks_Create
 .text          0x08001c98      0x13c CMakeFiles/stm32.elf.dir/rtos/motion_task.c.obj
                0x08001c98                MotionTask
 .text          0x08001dd4       0x38 CMakeFiles/stm32.elf.dir/rtos/monitor_task.c.obj
                0x08001dd4                MonitorTask
 .text          0x08001e0c      0x2e8 CMakeFiles/stm32.elf.dir/rtos/console_task.c.obj
                0x08001e0c                CommandTask
 .text          0x080020f4      0x19c CMakeFiles/stm32.elf.dir/bsp/console.c.obj
                0x08002184                Console_Init
                0x080021b0                Console_ReadByte
                0x080021e4                Console_WriteByte
                0x08002204                Console_WriteStringLocked
                0x08002258                Console_WriteString
 .text          0x08002290       0x64 CMakeFiles/stm32.elf.dir/isr/isr.c.obj
                0x08002290                USART2_IRQHandler
                0x080022a4                TIM6_DAC_IRQHandler
 .text          0x080022f4     0x2820 CMakeFiles/stm32.elf.dir/F_/projects/comp_sci/embedded/libraries/FreeRTOS-LTS/FreeRTOS/FreeRTOS-Kernel/tasks.c.obj
                0x0800236c                xTaskCreate
                0x080025e8                vTaskDelete
                0x080026f0                xTaskDelayUntil
                0x080027ec                vTaskDelay
                0x08002854                vTaskSuspend
                0x080029e8                vTaskResume
                0x08002af8                xTaskResumeFromISR
                0x08002cd0                vTaskStartScheduler
                0x08002d4c                vTaskEndScheduler
                0x08002da4                vTaskSuspendAll
                0x08002dc0                xTaskResumeAll
                0x08002fd0                xTaskGetTickCount
                0x08002ff0                xTaskGetTickCountFromISR
                0x08003014                uxTaskGetNumberOfTasks
                0x0800302c                pcTaskGetName
                0x08003074                xTaskCatchUpTicks
                0x080030cc                xTaskIncrementTick
                0x08003300                vTaskSwitchContext
                0x080033bc                vTaskPlaceOnEventList
                0x08003404                vTaskPlaceOnUnorderedEventList
                0x080034b0                xTaskRemoveFromEventList
                0x08003664                vTaskRemoveFromUnorderedEventList
                0x080037ec                vTaskSetTimeOutState
                0x08003838                vTaskInternalSetTimeOutState
                0x08003864                xTaskCheckForTimeOut
                0x08003930                vTaskMissedYield
                0x08003aac                xTaskGetCurrentTaskHandle
                0x08003acc                xTaskGetCurrentTaskHandleForCore
                0x08003afc                xTaskGetSchedulerState
                0x08003b38                xTaskPriorityInherit
                0x08003c5c                xTaskPriorityDisinherit
                0x08003d8c                vTaskPriorityDisinheritAfterTimeout
                0x08003ee4                uxTaskResetEventItemValue
                0x08003f14                pvTaskIncrementMutexHeldCount
                0x08003f44                ulTaskGenericNotifyTake
                0x08004040                xTaskGenericNotifyWait
                0x0800416c                xTaskGenericNotify
                0x080043c4                xTaskGenericNotifyFromISR
                0x08004690                vTaskGenericNotifyGiveFromISR
                0x080048a4                xTaskGenericNotifyStateClear
                0x08004918                ulTaskGenericNotifyValueClear
                0x08004a74                vTaskResetState
 .text          0x08004b14     0x1290 CMakeFiles/stm32.elf.dir/F_/projects/comp_sci/embedded/libraries/FreeRTOS-LTS/FreeRTOS/FreeRTOS-Kernel/queue.c.obj
                0x08004b14                xQueueGenericReset
                0x08004c34                xQueueGenericCreate
                0x08004d42                xQueueCreateMutex
                0x08004d72                xQueueGenericSend
                0x08004f70                xQueueGenericSendFromISR
                0x080050d4                xQueueGiveFromISR
                0x0800521c                xQueueReceive
                0x080053dc                xQueueSemaphoreTake
                0x080055d8                xQueuePeek
                0x0800579c                xQueueReceiveFromISR
                0x080058ca                xQueuePeekFromISR
                0x0800599c                uxQueueMessagesWaiting
                0x080059d8                uxQueueSpacesAvailable
                0x08005a1e                uxQueueMessagesWaitingFromISR
                0x08005a5a                vQueueDelete
                0x08005a90                uxQueueGetQueueItemSize
                0x08005aa8                uxQueueGetQueueLength
                0x08005ce0                xQueueIsQueueEmptyFromISR
                0x08005d58                xQueueIsQueueFullFromISR
 .text          0x08005da4      0x168 CMakeFiles/stm32.elf.dir/F_/projects/comp_sci/embedded/libraries/FreeRTOS-LTS/FreeRTOS/FreeRTOS-Kernel/list.c.obj
                0x08005da4                vListInitialise
                0x08005de4                vListInitialiseItem
                0x08005dfe                vListInsertEnd
                0x08005e46                vListInsert
                0x08005eb8                uxListRemove
 *fill*         0x08005f0c        0x4 
 .text          0x08005f10      0x544 CMakeFiles/stm32.elf.dir/F_/projects/comp_sci/embedded/libraries/FreeRTOS-LTS/FreeRTOS/FreeRTOS-Kernel/portable/GCC/ARM_CM4F/port.c.obj
                0x08005f10                pxPortInitialiseStack
                0x08005fd0                SVC_Handler
                0x0800601e                xPortStartScheduler
                0x080061f0                vPortEndScheduler
                0x08006228                vPortEnterCritical
                0x08006288                vPortExitCritical
                0x080062dc                PendSV_Handler
                0x08006346                SysTick_Handler
                0x0800638c                vPortSetupTimerInterrupt
                0x080063d6                vPortValidateInterruptPriority
 .text          0x08006454      0x68c CMakeFiles/stm32.elf.dir/F_/projects/comp_sci/embedded/libraries/FreeRTOS-LTS/FreeRTOS/FreeRTOS-Kernel/portable/MemMang/heap_4.c.obj
                0x08006454                pvPortMalloc
                0x080066ac                vPortFree
                0x0800679c                xPortGetFreeHeapSize
                0x080067b4                xPortGetMinimumEverFreeHeapSize
                0x080067cc                vPortInitialiseBlocks
                0x080067da                pvPortCalloc
                0x080069e4                vPortGetHeapStats
                0x08006aa0                vPortHeapResetState
 .text          0x08006ae0      0x134 g:/software/compilers/gcc_arm/gcc-arm-none-eabi-10.3-2021.10/bin/../lib/gcc/arm-none-eabi/10.3.1/../../../../arm-none-eabi/lib/thumb/v7e-m+fp/hard\libg.a(lib_a-memcpy.o)
                0x08006ae0                memcpy
 .text          0x08006c14        0x0 g:/software/compilers/gcc_arm/gcc-arm-none-eabi-10.3-2021.10/bin/../lib/gcc/arm-none-eabi/10.3.1/../../../../arm-none-eabi/lib/thumb/v7e-m+fp/hard\libg.a(lib_a-memset.o)
 .text.memset   0x08006c14       0xa4 g:/software/compilers/gcc_arm/gcc-arm-none-eabi-10.3-2021.10/bin/../lib/gcc/arm-none-eabi/10.3.1/../../../../arm-none-eabi/lib/thumb/v7e-m+fp/hard\libg.a(lib_a-memset.o)
                0x08006c14                memset
 *fill*         0x08006cb8        0x8 
 .text          0x08006cc0      0x2dc g:/software/compilers/gcc_arm/gcc-arm-none-eabi-10.3-2021.10/bin/../lib/gcc/arm-none-eabi/10.3.1/../../../../arm-none-eabi/lib/thumb/v7e-m+fp/hard\libg.a(lib_a-strcmp.o)
                0x08006cc8                strcmp
 .text          0x08006f9c        0x0 g:/software/compilers/gcc_arm/gcc-arm-none-eabi-10.3-2021.10/bin/../lib/gcc/arm-none-eabi/10.3.1/../../../../arm-none-eabi/lib/thumb/v7e-m+fp/hard\libg.a(lib_a-strncmp.o)
 .text.strncmp  0x08006f9c       0x80 g:/software/compilers/gcc_arm/gcc-arm-none-eabi-10.3-2021.10/bin/../lib/gcc/arm-none-eabi/10.3.1/../../../../arm-none-eabi/lib/thumb/v7e-m+fp/hard\libg.a(lib_a-strncmp.o)
                0x08006f9c                strncmp
 .text          0x0800701c        0x0 g:/software/compilers/gcc_arm/gcc-arm-none-eabi-10.3-2021.10/bin/../lib/gcc/arm-none-eabi/10.3.1/../../../../arm-none-eabi/lib/thumb/v7e-m+fp/hard\libg.a(lib_a-strtol.o)
 .text._strtol_l.part.0
                0x0800701c      0x120 g:/software/compilers/gcc_arm/gcc-arm-none-eabi-10.3-2021.10/bin/../lib/gcc/arm-none-eabi/10.3.1/../../../../arm-none-eabi/lib/thumb/v7e-m+fp/hard\libg.a(lib_a-strtol.o)
 .text._strtol_r
                0x0800713c       0x1c g:/software/compilers/gcc_arm/gcc-arm-none-eabi-10.3-2021.10/bin/../lib/gcc/arm-none-eabi/10.3.1/../../../../arm-none-eabi/lib/thumb/v7e-m+fp/hard\libg.a(lib_a-strtol.o)
                0x0800713c                _strtol_r
 .text.strtol_l
                0x08007158       0x2c g:/software/compilers/gcc_arm/gcc-arm-none-eabi-10.3-2021.10/bin/../lib/gcc/arm-none-eabi/10.3.1/../../../../arm-none-eabi/lib/thumb/v7e-m+fp/hard\libg.a(lib_a-strtol.o)
                0x08007158                strtol_l
 .text.strtol   0x08007184       0x2c g:/software/compilers/gcc_arm/gcc-arm-none-eabi-10.3-2021.10/bin/../lib/gcc/arm-none-eabi/10.3.1/../../../../arm-none-eabi/lib/thumb/v7e-m+fp/hard\libg.a(lib_a-strtol.o)
                0x08007184                strtol
 .text          0x080071b0        0x0 g:/software/compilers/gcc_arm/gcc-arm-none-eabi-10.3-2021.10/bin/../lib/gcc/arm-none-eabi/10.3.1/../../../../arm-none-eabi/lib/thumb/v7e-m+fp/hard\libg.a(lib_a-ctype_.o)
 .text          0x080071b0        0x0 g:/software/compilers/gcc_arm/gcc-arm-none-eabi-10.3-2021.10/bin/../lib/gcc/arm-none-eabi/10.3.1/../../../../arm-none-eabi/lib/thumb/v7e-m+fp/hard\libg.a(lib_a-errno.o)
 .text.__errno  0x080071b0        0xc g:/software/compilers/gcc_arm/gcc-arm-none-eabi-10.3-2021.10/bin/../lib/gcc/arm-none-eabi/10.3.1/../../../../arm-none-eabi/lib/thumb/v7e-m+fp/hard\libg.a(lib_a-errno.o)
                0x080071b0                __errno
 .text          0x080071bc        0x0 g:/software/compilers/gcc_arm/gcc-arm-none-eabi-10.3-2021.10/bin/../lib/gcc/arm-none-eabi/10.3.1/../../../../arm-none-eabi/lib/thumb/v7e-m+fp/hard\libg.a(lib_a-impure.o)

.glue_7         0x080071bc        0x0
 .glue_7        0x080071bc        0x0 linker stubs

.glue_7t        0x080071bc        0x0
 .glue_7t       0x080071bc        0x0 linker stubs

.vfp11_veneer   0x080071bc        0x0
 .vfp11_veneer  0x080071bc        0x0 linker stubs

.v4_bx          0x080071bc        0x0
 .v4_bx         0x080071bc        0x0 linker stubs

.iplt           0x080071bc        0x0
 .iplt          0x080071bc        0x0 CMakeFiles/stm32.elf.dir/startup/startup.s.obj

.rel.dyn        0x080071bc        0x0
 .rel.iplt      0x080071bc        0x0 CMakeFiles/stm32.elf.dir/startup/startup.s.obj

.data           0x20000000      0x438 load address 0x080071bc
                0x20000000                _sdata = .
 *(.data*)
 .data          0x20000000        0x0 CMakeFiles/stm32.elf.dir/startup/startup.s.obj
 .data          0x20000000        0x0 CMakeFiles/stm32.elf.dir/startup/faults.s.obj
 .data          0x20000000        0x0 CMakeFiles/stm32.elf.dir/src/main.c.obj
 .data          0x20000000        0x0 CMakeFiles/stm32.elf.dir/core/runtime.c.obj
 .data          0x20000000        0x0 CMakeFiles/stm32.elf.dir/core/faults.c.obj
 .data          0x20000000        0x0 CMakeFiles/stm32.elf.dir/drivers/gpio.c.obj
 .data          0x20000000        0x0 CMakeFiles/stm32.elf.dir/drivers/timer.c.obj
 .data          0x20000000        0x0 CMakeFiles/stm32.elf.dir/drivers/dma.c.obj
 .data          0x20000000        0x0 CMakeFiles/stm32.elf.dir/drivers/uart.c.obj
 .data          0x20000000        0x0 CMakeFiles/stm32.elf.dir/motion/stepper.c.obj
 .data          0x20000000        0x0 CMakeFiles/stm32.elf.dir/rtos/app_tasks.c.obj
 .data          0x20000000        0x4 CMakeFiles/stm32.elf.dir/rtos/motion_task.c.obj
 .data          0x20000004        0x0 CMakeFiles/stm32.elf.dir/rtos/monitor_task.c.obj
 .data          0x20000004        0x0 CMakeFiles/stm32.elf.dir/rtos/console_task.c.obj
 .data          0x20000004        0x0 CMakeFiles/stm32.elf.dir/bsp/console.c.obj
 .data          0x20000004        0x0 CMakeFiles/stm32.elf.dir/isr/isr.c.obj
 .data          0x20000004        0x4 CMakeFiles/stm32.elf.dir/F_/projects/comp_sci/embedded/libraries/FreeRTOS-LTS/FreeRTOS/FreeRTOS-Kernel/tasks.c.obj
 .data          0x20000008        0x0 CMakeFiles/stm32.elf.dir/F_/projects/comp_sci/embedded/libraries/FreeRTOS-LTS/FreeRTOS/FreeRTOS-Kernel/queue.c.obj
 .data          0x20000008        0x0 CMakeFiles/stm32.elf.dir/F_/projects/comp_sci/embedded/libraries/FreeRTOS-LTS/FreeRTOS/FreeRTOS-Kernel/list.c.obj
 .data          0x20000008        0x4 CMakeFiles/stm32.elf.dir/F_/projects/comp_sci/embedded/libraries/FreeRTOS-LTS/FreeRTOS/FreeRTOS-Kernel/portable/GCC/ARM_CM4F/port.c.obj
 .data          0x2000000c        0x0 CMakeFiles/stm32.elf.dir/F_/projects/comp_sci/embedded/libraries/FreeRTOS-LTS/FreeRTOS/FreeRTOS-Kernel/portable/MemMang/heap_4.c.obj
 .data          0x2000000c        0x0 g:/software/compilers/gcc_arm/gcc-arm-none-eabi-10.3-2021.10/bin/../lib/gcc/arm-none-eabi/10.3.1/../../../../arm-none-eabi/lib/thumb/v7e-m+fp/hard\libg.a(lib_a-memcpy.o)
 .data          0x2000000c        0x0 g:/software/compilers/gcc_arm/gcc-arm-none-eabi-10.3-2021.10/bin/../lib/gcc/arm-none-eabi/10.3.1/../../../../arm-none-eabi/lib/thumb/v7e-m+fp/hard\libg.a(lib_a-memset.o)
 .data          0x2000000c        0x0 g:/software/compilers/gcc_arm/gcc-arm-none-eabi-10.3-2021.10/bin/../lib/gcc/arm-none-eabi/10.3.1/../../../../arm-none-eabi/lib/thumb/v7e-m+fp/hard\libg.a(lib_a-strcmp.o)
 .data          0x2000000c        0x0 g:/software/compilers/gcc_arm/gcc-arm-none-eabi-10.3-2021.10/bin/../lib/gcc/arm-none-eabi/10.3.1/../../../../arm-none-eabi/lib/thumb/v7e-m+fp/hard\libg.a(lib_a-strncmp.o)
 .data          0x2000000c        0x0 g:/software/compilers/gcc_arm/gcc-arm-none-eabi-10.3-2021.10/bin/../lib/gcc/arm-none-eabi/10.3.1/../../../../arm-none-eabi/lib/thumb/v7e-m+fp/hard\libg.a(lib_a-strtol.o)
 .data          0x2000000c        0x0 g:/software/compilers/gcc_arm/gcc-arm-none-eabi-10.3-2021.10/bin/../lib/gcc/arm-none-eabi/10.3.1/../../../../arm-none-eabi/lib/thumb/v7e-m+fp/hard\libg.a(lib_a-ctype_.o)
 .data          0x2000000c        0x0 g:/software/compilers/gcc_arm/gcc-arm-none-eabi-10.3-2021.10/bin/../lib/gcc/arm-none-eabi/10.3.1/../../../../arm-none-eabi/lib/thumb/v7e-m+fp/hard\libg.a(lib_a-errno.o)
 .data          0x2000000c        0x0 g:/software/compilers/gcc_arm/gcc-arm-none-eabi-10.3-2021.10/bin/../lib/gcc/arm-none-eabi/10.3.1/../../../../arm-none-eabi/lib/thumb/v7e-m+fp/hard\libg.a(lib_a-impure.o)
 .data._impure_ptr
                0x2000000c        0x4 g:/software/compilers/gcc_arm/gcc-arm-none-eabi-10.3-2021.10/bin/../lib/gcc/arm-none-eabi/10.3.1/../../../../arm-none-eabi/lib/thumb/v7e-m+fp/hard\libg.a(lib_a-impure.o)
                0x2000000c                _impure_ptr
 .data.impure_data
                0x20000010      0x428 g:/software/compilers/gcc_arm/gcc-arm-none-eabi-10.3-2021.10/bin/../lib/gcc/arm-none-eabi/10.3.1/../../../../arm-none-eabi/lib/thumb/v7e-m+fp/hard\libg.a(lib_a-impure.o)
                0x20000438                _edata = .
                0x080071bc                _sidata = LOADADDR (.data)

.igot.plt       0x20000438        0x0 load address 0x080075f4
 .igot.plt      0x20000438        0x0 CMakeFiles/stm32.elf.dir/startup/startup.s.obj

.bss            0x20000438     0x43a8 load address 0x080075f4
                0x20000438                _sbss = .
 *(.bss*)
 .bss           0x20000438        0x0 CMakeFiles/stm32.elf.dir/startup/startup.s.obj
 .bss           0x20000438        0x0 CMakeFiles/stm32.elf.dir/startup/faults.s.obj
 .bss           0x20000438      0x120 CMakeFiles/stm32.elf.dir/src/main.c.obj
 .bss           0x20000558        0x0 CMakeFiles/stm32.elf.dir/core/runtime.c.obj
 .bss           0x20000558        0x0 CMakeFiles/stm32.elf.dir/core/faults.c.obj
 .bss           0x20000558        0x0 CMakeFiles/stm32.elf.dir/drivers/gpio.c.obj
 .bss           0x20000558        0x1 CMakeFiles/stm32.elf.dir/drivers/timer.c.obj
 .bss           0x20000559        0x0 CMakeFiles/stm32.elf.dir/drivers/dma.c.obj
 *fill*         0x20000559        0x3 
 .bss           0x2000055c       0x14 CMakeFiles/stm32.elf.dir/drivers/uart.c.obj
 .bss           0x20000570       0x10 CMakeFiles/stm32.elf.dir/motion/stepper.c.obj
 .bss           0x20000580       0x14 CMakeFiles/stm32.elf.dir/rtos/app_tasks.c.obj
                0x20000580                g_motion_cmd_queue
                0x20000584                g_motion_task_handle
                0x20000588                g_command_task_handle
                0x20000590                g_console_mutex
 .bss           0x20000594        0x1 CMakeFiles/stm32.elf.dir/rtos/motion_task.c.obj
 .bss           0x20000595        0x0 CMakeFiles/stm32.elf.dir/rtos/monitor_task.c.obj
 .bss           0x20000595        0x0 CMakeFiles/stm32.elf.dir/rtos/console_task.c.obj
 *fill*         0x20000595        0x3 
 .bss           0x20000598      0x120 CMakeFiles/stm32.elf.dir/bsp/console.c.obj
 .bss           0x200006b8        0x0 CMakeFiles/stm32.elf.dir/isr/isr.c.obj
 .bss           0x200006b8      0x104 CMakeFiles/stm32.elf.dir/F_/projects/comp_sci/embedded/libraries/FreeRTOS-LTS/FreeRTOS/FreeRTOS-Kernel/tasks.c.obj
                0x200006b8                pxCurrentTCB
 .bss           0x200007bc        0x0 CMakeFiles/stm32.elf.dir/F_/projects/comp_sci/embedded/libraries/FreeRTOS-LTS/FreeRTOS/FreeRTOS-Kernel/queue.c.obj
 .bss           0x200007bc        0x0 CMakeFiles/stm32.elf.dir/F_/projects/comp_sci/embedded/libraries/FreeRTOS-LTS/FreeRTOS/FreeRTOS-Kernel/list.c.obj
 .bss           0x200007bc        0x8 CMakeFiles/stm32.elf.dir/F_/projects/comp_sci/embedded/libraries/FreeRTOS-LTS/FreeRTOS/FreeRTOS-Kernel/portable/GCC/ARM_CM4F/port.c.obj
 .bss           0x200007c4     0x401c CMakeFiles/stm32.elf.dir/F_/projects/comp_sci/embedded/libraries/FreeRTOS-LTS/FreeRTOS/FreeRTOS-Kernel/portable/MemMang/heap_4.c.obj
 .bss           0x200047e0        0x0 g:/software/compilers/gcc_arm/gcc-arm-none-eabi-10.3-2021.10/bin/../lib/gcc/arm-none-eabi/10.3.1/../../../../arm-none-eabi/lib/thumb/v7e-m+fp/hard\libg.a(lib_a-memcpy.o)
 .bss           0x200047e0        0x0 g:/software/compilers/gcc_arm/gcc-arm-none-eabi-10.3-2021.10/bin/../lib/gcc/arm-none-eabi/10.3.1/../../../../arm-none-eabi/lib/thumb/v7e-m+fp/hard\libg.a(lib_a-memset.o)
 .bss           0x200047e0        0x0 g:/software/compilers/gcc_arm/gcc-arm-none-eabi-10.3-2021.10/bin/../lib/gcc/arm-none-eabi/10.3.1/../../../../arm-none-eabi/lib/thumb/v7e-m+fp/hard\libg.a(lib_a-strcmp.o)
 .bss           0x200047e0        0x0 g:/software/compilers/gcc_arm/gcc-arm-none-eabi-10.3-2021.10/bin/../lib/gcc/arm-none-eabi/10.3.1/../../../../arm-none-eabi/lib/thumb/v7e-m+fp/hard\libg.a(lib_a-strncmp.o)
 .bss           0x200047e0        0x0 g:/software/compilers/gcc_arm/gcc-arm-none-eabi-10.3-2021.10/bin/../lib/gcc/arm-none-eabi/10.3.1/../../../../arm-none-eabi/lib/thumb/v7e-m+fp/hard\libg.a(lib_a-strtol.o)
 .bss           0x200047e0        0x0 g:/software/compilers/gcc_arm/gcc-arm-none-eabi-10.3-2021.10/bin/../lib/gcc/arm-none-eabi/10.3.1/../../../../arm-none-eabi/lib/thumb/v7e-m+fp/hard\libg.a(lib_a-ctype_.o)
 .bss           0x200047e0        0x0 g:/software/compilers/gcc_arm/gcc-arm-none-eabi-10.3-2021.10/bin/../lib/gcc/arm-none-eabi/10.3.1/../../../../arm-none-eabi/lib/thumb/v7e-m+fp/hard\libg.a(lib_a-errno.o)
 .bss           0x200047e0        0x0 g:/software/compilers/gcc_arm/gcc-arm-none-eabi-10.3-2021.10/bin/../lib/gcc/arm-none-eabi/10.3.1/../../../../arm-none-eabi/lib/thumb/v7e-m+fp/hard\libg.a(lib_a-impure.o)
 *(COMMON)
                0x200047e0                _ebss = .
OUTPUT(stm32.elf elf32-littlearm)
LOAD linker stubs

.ARM.attributes
                0x00000000       0x35
 .ARM.attributes
                0x00000000       0x25 CMakeFiles/stm32.elf.dir/startup/startup.s.obj
 .ARM.attributes
                0x00000025       0x25 CMakeFiles/stm32.elf.dir/startup/faults.s.obj
 .ARM.attributes
                0x0000004a       0x34 CMakeFiles/stm32.elf.dir/src/main.c.obj
 .ARM.attributes
                0x0000007e       0x34 CMakeFiles/stm32.elf.dir/core/runtime.c.obj
 .ARM.attributes
                0x000000b2       0x34 CMakeFiles/stm32.elf.dir/core/faults.c.obj
 .ARM.attributes
                0x000000e6       0x34 CMakeFiles/stm32.elf.dir/drivers/gpio.c.obj
 .ARM.attributes
                0x0000011a       0x34 CMakeFiles/stm32.elf.dir/drivers/timer.c.obj
 .ARM.attributes
                0x0000014e       0x34 CMakeFiles/stm32.elf.dir/drivers/dma.c.obj
 .ARM.attributes
                0x00000182       0x34 CMakeFiles/stm32.elf.dir/drivers/uart.c.obj
 .ARM.attributes
                0x000001b6       0x34 CMakeFiles/stm32.elf.dir/motion/stepper.c.obj
 .ARM.attributes
                0x000001ea       0x34 CMakeFiles/stm32.elf.dir/rtos/app_tasks.c.obj
 .ARM.attributes
                0x0000021e       0x34 CMakeFiles/stm32.elf.dir/rtos/motion_task.c.obj
 .ARM.attributes
                0x00000252       0x34 CMakeFiles/stm32.elf.dir/rtos/monitor_task.c.obj
 .ARM.attributes
                0x00000286       0x34 CMakeFiles/stm32.elf.dir/rtos/console_task.c.obj
 .ARM.attributes
                0x000002ba       0x34 CMakeFiles/stm32.elf.dir/bsp/console.c.obj
 .ARM.attributes
                0x000002ee       0x34 CMakeFiles/stm32.elf.dir/isr/isr.c.obj
 .ARM.attributes
                0x00000322       0x34 CMakeFiles/stm32.elf.dir/F_/projects/comp_sci/embedded/libraries/FreeRTOS-LTS/FreeRTOS/FreeRTOS-Kernel/tasks.c.obj
 .ARM.attributes
                0x00000356       0x34 CMakeFiles/stm32.elf.dir/F_/projects/comp_sci/embedded/libraries/FreeRTOS-LTS/FreeRTOS/FreeRTOS-Kernel/queue.c.obj
 .ARM.attributes
                0x0000038a       0x34 CMakeFiles/stm32.elf.dir/F_/projects/comp_sci/embedded/libraries/FreeRTOS-LTS/FreeRTOS/FreeRTOS-Kernel/list.c.obj
 .ARM.attributes
                0x000003be       0x34 CMakeFiles/stm32.elf.dir/F_/projects/comp_sci/embedded/libraries/FreeRTOS-LTS/FreeRTOS/FreeRTOS-Kernel/portable/GCC/ARM_CM4F/port.c.obj
 .ARM.attributes
                0x000003f2       0x34 CMakeFiles/stm32.elf.dir/F_/projects/comp_sci/embedded/libraries/FreeRTOS-LTS/FreeRTOS/FreeRTOS-Kernel/portable/MemMang/heap_4.c.obj
 .ARM.attributes
                0x00000426       0x1c g:/software/compilers/gcc_arm/gcc-arm-none-eabi-10.3-2021.10/bin/../lib/gcc/arm-none-eabi/10.3.1/../../../../arm-none-eabi/lib/thumb/v7e-m+fp/hard\libg.a(lib_a-memcpy.o)
 .ARM.attributes
                0x00000442       0x34 g:/software/compilers/gcc_arm/gcc-arm-none-eabi-10.3-2021.10/bin/../lib/gcc/arm-none-eabi/10.3.1/../../../../arm-none-eabi/lib/thumb/v7e-m+fp/hard\libg.a(lib_a-memset.o)
 .ARM.attributes
                0x00000476       0x1c g:/software/compilers/gcc_arm/gcc-arm-none-eabi-10.3-2021.10/bin/../lib/gcc/arm-none-eabi/10.3.1/../../../../arm-none-eabi/lib/thumb/v7e-m+fp/hard\libg.a(lib_a-strcmp.o)
 .ARM.attributes
                0x00000492       0x34 g:/software/compilers/gcc_arm/gcc-arm-none-eabi-10.3-2021.10/bin/../lib/gcc/arm-none-eabi/10.3.1/../../../../arm-none-eabi/lib/thumb/v7e-m+fp/hard\libg.a(lib_a-strncmp.o)
 .ARM.attributes
                0x000004c6       0x34 g:/software/compilers/gcc_arm/gcc-arm-none-eabi-10.3-2021.10/bin/../lib/gcc/arm-none-eabi/10.3.1/../../../../arm-none-eabi/lib/thumb/v7e-m+fp/hard\libg.a(lib_a-strtol.o)
 .ARM.attributes
                0x000004fa       0x34 g:/software/compilers/gcc_arm/gcc-arm-none-eabi-10.3-2021.10/bin/../lib/gcc/arm-none-eabi/10.3.1/../../../../arm-none-eabi/lib/thumb/v7e-m+fp/hard\libg.a(lib_a-ctype_.o)
 .ARM.attributes
                0x0000052e       0x34 g:/software/compilers/gcc_arm/gcc-arm-none-eabi-10.3-2021.10/bin/../lib/gcc/arm-none-eabi/10.3.1/../../../../arm-none-eabi/lib/thumb/v7e-m+fp/hard\libg.a(lib_a-errno.o)
 .ARM.attributes
                0x00000562       0x34 g:/software/compilers/gcc_arm/gcc-arm-none-eabi-10.3-2021.10/bin/../lib/gcc/arm-none-eabi/10.3.1/../../../../arm-none-eabi/lib/thumb/v7e-m+fp/hard\libg.a(lib_a-impure.o)

.comment        0x00000000       0x49
 .comment       0x00000000       0x49 CMakeFiles/stm32.elf.dir/src/main.c.obj
                                 0x4a (size before relaxing)
 .comment       0x00000049       0x4a CMakeFiles/stm32.elf.dir/core/runtime.c.obj
 .comment       0x00000049       0x4a CMakeFiles/stm32.elf.dir/core/faults.c.obj
 .comment       0x00000049       0x4a CMakeFiles/stm32.elf.dir/drivers/gpio.c.obj
 .comment       0x00000049       0x4a CMakeFiles/stm32.elf.dir/drivers/timer.c.obj
 .comment       0x00000049       0x4a CMakeFiles/stm32.elf.dir/drivers/dma.c.obj
 .comment       0x00000049       0x4a CMakeFiles/stm32.elf.dir/drivers/uart.c.obj
 .comment       0x00000049       0x4a CMakeFiles/stm32.elf.dir/motion/stepper.c.obj
 .comment       0x00000049       0x4a CMakeFiles/stm32.elf.dir/rtos/app_tasks.c.obj
 .comment       0x00000049       0x4a CMakeFiles/stm32.elf.dir/rtos/motion_task.c.obj
 .comment       0x00000049       0x4a CMakeFiles/stm32.elf.dir/rtos/monitor_task.c.obj
 .comment       0x00000049       0x4a CMakeFiles/stm32.elf.dir/rtos/console_task.c.obj
 .comment       0x00000049       0x4a CMakeFiles/stm32.elf.dir/bsp/console.c.obj
 .comment       0x00000049       0x4a CMakeFiles/stm32.elf.dir/isr/isr.c.obj
 .comment       0x00000049       0x4a CMakeFiles/stm32.elf.dir/F_/projects/comp_sci/embedded/libraries/FreeRTOS-LTS/FreeRTOS/FreeRTOS-Kernel/tasks.c.obj
 .comment       0x00000049       0x4a CMakeFiles/stm32.elf.dir/F_/projects/comp_sci/embedded/libraries/FreeRTOS-LTS/FreeRTOS/FreeRTOS-Kernel/queue.c.obj
 .comment       0x00000049       0x4a CMakeFiles/stm32.elf.dir/F_/projects/comp_sci/embedded/libraries/FreeRTOS-LTS/FreeRTOS/FreeRTOS-Kernel/list.c.obj
 .comment       0x00000049       0x4a CMakeFiles/stm32.elf.dir/F_/projects/comp_sci/embedded/libraries/FreeRTOS-LTS/FreeRTOS/FreeRTOS-Kernel/portable/GCC/ARM_CM4F/port.c.obj
 .comment       0x00000049       0x4a CMakeFiles/stm32.elf.dir/F_/projects/comp_sci/embedded/libraries/FreeRTOS-LTS/FreeRTOS/FreeRTOS-Kernel/portable/MemMang/heap_4.c.obj

.debug_line     0x00000000     0x5371
 .debug_line    0x00000000       0x58 CMakeFiles/stm32.elf.dir/startup/startup.s.obj
 .debug_line    0x00000058       0x48 CMakeFiles/stm32.elf.dir/startup/faults.s.obj
 .debug_line    0x000000a0      0x373 CMakeFiles/stm32.elf.dir/src/main.c.obj
 .debug_line    0x00000413       0xe4 CMakeFiles/stm32.elf.dir/core/runtime.c.obj
 .debug_line    0x000004f7       0xc5 CMakeFiles/stm32.elf.dir/core/faults.c.obj
 .debug_line    0x000005bc      0x221 CMakeFiles/stm32.elf.dir/drivers/gpio.c.obj
 .debug_line    0x000007dd      0x28a CMakeFiles/stm32.elf.dir/drivers/timer.c.obj
 .debug_line    0x00000a67      0x2ee CMakeFiles/stm32.elf.dir/drivers/dma.c.obj
 .debug_line    0x00000d55      0x602 CMakeFiles/stm32.elf.dir/drivers/uart.c.obj
 .debug_line    0x00001357      0x2ff CMakeFiles/stm32.elf.dir/motion/stepper.c.obj
 .debug_line    0x00001656      0x208 CMakeFiles/stm32.elf.dir/rtos/app_tasks.c.obj
 .debug_line    0x0000185e      0x233 CMakeFiles/stm32.elf.dir/rtos/motion_task.c.obj
 .debug_line    0x00001a91      0x1d0 CMakeFiles/stm32.elf.dir/rtos/monitor_task.c.obj
 .debug_line    0x00001c61      0x318 CMakeFiles/stm32.elf.dir/rtos/console_task.c.obj
 .debug_line    0x00001f79      0x349 CMakeFiles/stm32.elf.dir/bsp/console.c.obj
 .debug_line    0x000022c2      0x233 CMakeFiles/stm32.elf.dir/isr/isr.c.obj
 .debug_line    0x000024f5     0x1432 CMakeFiles/stm32.elf.dir/F_/projects/comp_sci/embedded/libraries/FreeRTOS-LTS/FreeRTOS/FreeRTOS-Kernel/tasks.c.obj
 .debug_line    0x00003927      0xda6 CMakeFiles/stm32.elf.dir/F_/projects/comp_sci/embedded/libraries/FreeRTOS-LTS/FreeRTOS/FreeRTOS-Kernel/queue.c.obj
 .debug_line    0x000046cd      0x29c CMakeFiles/stm32.elf.dir/F_/projects/comp_sci/embedded/libraries/FreeRTOS-LTS/FreeRTOS/FreeRTOS-Kernel/list.c.obj
 .debug_line    0x00004969      0x438 CMakeFiles/stm32.elf.dir/F_/projects/comp_sci/embedded/libraries/FreeRTOS-LTS/FreeRTOS/FreeRTOS-Kernel/portable/GCC/ARM_CM4F/port.c.obj
 .debug_line    0x00004da1      0x5d0 CMakeFiles/stm32.elf.dir/F_/projects/comp_sci/embedded/libraries/FreeRTOS-LTS/FreeRTOS/FreeRTOS-Kernel/portable/MemMang/heap_4.c.obj

.debug_info     0x00000000     0x888c
 .debug_info    0x00000000       0x26 CMakeFiles/stm32.elf.dir/startup/startup.s.obj
 .debug_info    0x00000026       0x26 CMakeFiles/stm32.elf.dir/startup/faults.s.obj
 .debug_info    0x0000004c      0xc4e CMakeFiles/stm32.elf.dir/src/main.c.obj
 .debug_info    0x00000c9a       0xef CMakeFiles/stm32.elf.dir/core/runtime.c.obj
 .debug_info    0x00000d89      0x12e CMakeFiles/stm32.elf.dir/core/faults.c.obj
 .debug_info    0x00000eb7      0x502 CMakeFiles/stm32.elf.dir/drivers/gpio.c.obj
 .debug_info    0x000013b9      0x683 CMakeFiles/stm32.elf.dir/drivers/timer.c.obj
 .debug_info    0x00001a3c      0x64f CMakeFiles/stm32.elf.dir/drivers/dma.c.obj
 .debug_info    0x0000208b      0xd67 CMakeFiles/stm32.elf.dir/drivers/uart.c.obj
 .debug_info    0x00002df2      0x47b CMakeFiles/stm32.elf.dir/motion/stepper.c.obj
 .debug_info    0x0000326d      0x1a9 CMakeFiles/stm32.elf.dir/rtos/app_tasks.c.obj
 .debug_info    0x00003416      0x1a2 CMakeFiles/stm32.elf.dir/rtos/motion_task.c.obj
 .debug_info    0x000035b8      0x193 CMakeFiles/stm32.elf.dir/rtos/monitor_task.c.obj
 .debug_info    0x0000374b      0x264 CMakeFiles/stm32.elf.dir/rtos/console_task.c.obj
 .debug_info    0x000039af      0xae9 CMakeFiles/stm32.elf.dir/bsp/console.c.obj
 .debug_info    0x00004498      0x19e CMakeFiles/stm32.elf.dir/isr/isr.c.obj
 .debug_info    0x00004636     0x2084 CMakeFiles/stm32.elf.dir/F_/projects/comp_sci/embedded/libraries/FreeRTOS-LTS/FreeRTOS/FreeRTOS-Kernel/tasks.c.obj
 .debug_info    0x000066ba     0x13fb CMakeFiles/stm32.elf.dir/F_/projects/comp_sci/embedded/libraries/FreeRTOS-LTS/FreeRTOS/FreeRTOS-Kernel/queue.c.obj
 .debug_info    0x00007ab5      0x2bc CMakeFiles/stm32.elf.dir/F_/projects/comp_sci/embedded/libraries/FreeRTOS-LTS/FreeRTOS/FreeRTOS-Kernel/list.c.obj
 .debug_info    0x00007d71      0x571 CMakeFiles/stm32.elf.dir/F_/projects/comp_sci/embedded/libraries/FreeRTOS-LTS/FreeRTOS/FreeRTOS-Kernel/portable/GCC/ARM_CM4F/port.c.obj
 .debug_info    0x000082e2      0x5aa CMakeFiles/stm32.elf.dir/F_/projects/comp_sci/embedded/libraries/FreeRTOS-LTS/FreeRTOS/FreeRTOS-Kernel/portable/MemMang/heap_4.c.obj

.debug_abbrev   0x00000000     0x1de5
 .debug_abbrev  0x00000000       0x14 CMakeFiles/stm32.elf.dir/startup/startup.s.obj
 .debug_abbrev  0x00000014       0x14 CMakeFiles/stm32.elf.dir/startup/faults.s.obj
 .debug_abbrev  0x00000028      0x227 CMakeFiles/stm32.elf.dir/src/main.c.obj
 .debug_abbrev  0x0000024f       0x82 CMakeFiles/stm32.elf.dir/core/runtime.c.obj
 .debug_abbrev  0x000002d1       0xa9 CMakeFiles/stm32.elf.dir/core/faults.c.obj
 .debug_abbrev  0x0000037a      0x13e CMakeFiles/stm32.elf.dir/drivers/gpio.c.obj
 .debug_abbrev  0x000004b8      0x192 CMakeFiles/stm32.elf.dir/drivers/timer.c.obj
 .debug_abbrev  0x0000064a      0x1c6 CMakeFiles/stm32.elf.dir/drivers/dma.c.obj
 .debug_abbrev  0x00000810      0x2a7 CMakeFiles/stm32.elf.dir/drivers/uart.c.obj
 .debug_abbrev  0x00000ab7      0x1e1 CMakeFiles/stm32.elf.dir/motion/stepper.c.obj
 .debug_abbrev  0x00000c98       0xe7 CMakeFiles/stm32.elf.dir/rtos/app_tasks.c.obj
 .debug_abbrev  0x00000d7f       0xee CMakeFiles/stm32.elf.dir/rtos/motion_task.c.obj
 .debug_abbrev  0x00000e6d       0xe0 CMakeFiles/stm32.elf.dir/rtos/monitor_task.c.obj
 .debug_abbrev  0x00000f4d      0x163 CMakeFiles/stm32.elf.dir/rtos/console_task.c.obj
 .debug_abbrev  0x000010b0      0x23e CMakeFiles/stm32.elf.dir/bsp/console.c.obj
 .debug_abbrev  0x000012ee      0x108 CMakeFiles/stm32.elf.dir/isr/isr.c.obj
 .debug_abbrev  0x000013f6      0x2ea CMakeFiles/stm32.elf.dir/F_/projects/comp_sci/embedded/libraries/FreeRTOS-LTS/FreeRTOS/FreeRTOS-Kernel/tasks.c.obj
 .debug_abbrev  0x000016e0      0x223 CMakeFiles/stm32.elf.dir/F_/projects/comp_sci/embedded/libraries/FreeRTOS-LTS/FreeRTOS/FreeRTOS-Kernel/queue.c.obj
 .debug_abbrev  0x00001903       0xe8 CMakeFiles/stm32.elf.dir/F_/projects/comp_sci/embedded/libraries/FreeRTOS-LTS/FreeRTOS/FreeRTOS-Kernel/list.c.obj
 .debug_abbrev  0x000019eb      0x208 CMakeFiles/stm32.elf.dir/F_/projects/comp_sci/embedded/libraries/FreeRTOS-LTS/FreeRTOS/FreeRTOS-Kernel/portable/GCC/ARM_CM4F/port.c.obj
 .debug_abbrev  0x00001bf3      0x1f2 CMakeFiles/stm32.elf.dir/F_/projects/comp_sci/embedded/libraries/FreeRTOS-LTS/FreeRTOS/FreeRTOS-Kernel/portable/MemMang/heap_4.c.obj

.debug_aranges  0x00000000      0x2a0
 .debug_aranges
                0x00000000       0x20 CMakeFiles/stm32.elf.dir/startup/startup.s.obj
 .debug_aranges
                0x00000020       0x20 CMakeFiles/stm32.elf.dir/startup/faults.s.obj
 .debug_aranges
                0x00000040       0x20 CMakeFiles/stm32.elf.dir/src/main.c.obj
 .debug_aranges
                0x00000060       0x20 CMakeFiles/stm32.elf.dir/core/runtime.c.obj
 .debug_aranges
                0x00000080       0x20 CMakeFiles/stm32.elf.dir/core/faults.c.obj
 .debug_aranges
                0x000000a0       0x20 CMakeFiles/stm32.elf.dir/drivers/gpio.c.obj
 .debug_aranges
                0x000000c0       0x20 CMakeFiles/stm32.elf.dir/drivers/timer.c.obj
 .debug_aranges
                0x000000e0       0x20 CMakeFiles/stm32.elf.dir/drivers/dma.c.obj
 .debug_aranges
                0x00000100       0x20 CMakeFiles/stm32.elf.dir/drivers/uart.c.obj
 .debug_aranges
                0x00000120       0x20 CMakeFiles/stm32.elf.dir/motion/stepper.c.obj
 .debug_aranges
                0x00000140       0x20 CMakeFiles/stm32.elf.dir/rtos/app_tasks.c.obj
 .debug_aranges
                0x00000160       0x20 CMakeFiles/stm32.elf.dir/rtos/motion_task.c.obj
 .debug_aranges
                0x00000180       0x20 CMakeFiles/stm32.elf.dir/rtos/monitor_task.c.obj
 .debug_aranges
                0x000001a0       0x20 CMakeFiles/stm32.elf.dir/rtos/console_task.c.obj
 .debug_aranges
                0x000001c0       0x20 CMakeFiles/stm32.elf.dir/bsp/console.c.obj
 .debug_aranges
                0x000001e0       0x20 CMakeFiles/stm32.elf.dir/isr/isr.c.obj
 .debug_aranges
                0x00000200       0x20 CMakeFiles/stm32.elf.dir/F_/projects/comp_sci/embedded/libraries/FreeRTOS-LTS/FreeRTOS/FreeRTOS-Kernel/tasks.c.obj
 .debug_aranges
                0x00000220       0x20 CMakeFiles/stm32.elf.dir/F_/projects/comp_sci/embedded/libraries/FreeRTOS-LTS/FreeRTOS/FreeRTOS-Kernel/queue.c.obj
 .debug_aranges
                0x00000240       0x20 CMakeFiles/stm32.elf.dir/F_/projects/comp_sci/embedded/libraries/FreeRTOS-LTS/FreeRTOS/FreeRTOS-Kernel/list.c.obj
 .debug_aranges
                0x00000260       0x20 CMakeFiles/stm32.elf.dir/F_/projects/comp_sci/embedded/libraries/FreeRTOS-LTS/FreeRTOS/FreeRTOS-Kernel/portable/GCC/ARM_CM4F/port.c.obj
 .debug_aranges
                0x00000280       0x20 CMakeFiles/stm32.elf.dir/F_/projects/comp_sci/embedded/libraries/FreeRTOS-LTS/FreeRTOS/FreeRTOS-Kernel/portable/MemMang/heap_4.c.obj

.debug_str      0x00000000     0x2d4d
 .debug_str     0x00000000       0x5d CMakeFiles/stm32.elf.dir/startup/startup.s.obj
 .debug_str     0x0000005d       0x14 CMakeFiles/stm32.elf.dir/startup/faults.s.obj
                                 0x5c (size before relaxing)
 .debug_str     0x00000071      0xa75 CMakeFiles/stm32.elf.dir/src/main.c.obj
                                0xb21 (size before relaxing)
 .debug_str     0x00000ae6       0x41 CMakeFiles/stm32.elf.dir/core/runtime.c.obj
                                0x19b (size before relaxing)
 .debug_str     0x00000b27       0x52 CMakeFiles/stm32.elf.dir/core/faults.c.obj
                                0x1ac (size before relaxing)
 .debug_str     0x00000b79      0x202 CMakeFiles/stm32.elf.dir/drivers/gpio.c.obj
                                0x3b0 (size before relaxing)
 .debug_str     0x00000d7b      0x116 CMakeFiles/stm32.elf.dir/drivers/timer.c.obj
                                0x42d (size before relaxing)
 .debug_str     0x00000e91       0xba CMakeFiles/stm32.elf.dir/drivers/dma.c.obj
                                0x457 (size before relaxing)
 .debug_str     0x00000f4b      0x292 CMakeFiles/stm32.elf.dir/drivers/uart.c.obj
                                0x785 (size before relaxing)
 .debug_str     0x000011dd      0x122 CMakeFiles/stm32.elf.dir/motion/stepper.c.obj
                                0x354 (size before relaxing)
 .debug_str     0x000012ff       0xc7 CMakeFiles/stm32.elf.dir/rtos/app_tasks.c.obj
                                0x26b (size before relaxing)
 .debug_str     0x000013c6       0x5c CMakeFiles/stm32.elf.dir/rtos/motion_task.c.obj
                                0x277 (size before relaxing)
 .debug_str     0x00001422       0x2c CMakeFiles/stm32.elf.dir/rtos/monitor_task.c.obj
                                0x20b (size before relaxing)
 .debug_str     0x0000144e       0x54 CMakeFiles/stm32.elf.dir/rtos/console_task.c.obj
                                0x28c (size before relaxing)
 .debug_str     0x000014a2       0x7e CMakeFiles/stm32.elf.dir/bsp/console.c.obj
                                0xad5 (size before relaxing)
 .debug_str     0x00001520       0x77 CMakeFiles/stm32.elf.dir/isr/isr.c.obj
                                0x260 (size before relaxing)
 .debug_str     0x00001597      0xc8d CMakeFiles/stm32.elf.dir/F_/projects/comp_sci/embedded/libraries/FreeRTOS-LTS/FreeRTOS/FreeRTOS-Kernel/tasks.c.obj
                                0xedb (size before relaxing)
 .debug_str     0x00002224      0x4b3 CMakeFiles/stm32.elf.dir/F_/projects/comp_sci/embedded/libraries/FreeRTOS-LTS/FreeRTOS/FreeRTOS-Kernel/queue.c.obj
                                0x844 (size before relaxing)
 .debug_str     0x000026d7       0xe2 CMakeFiles/stm32.elf.dir/F_/projects/comp_sci/embedded/libraries/FreeRTOS-LTS/FreeRTOS/FreeRTOS-Kernel/list.c.obj
                                0x2ff (size before relaxing)
 .debug_str     0x000027b9      0x261 CMakeFiles/stm32.elf.dir/F_/projects/comp_sci/embedded/libraries/FreeRTOS-LTS/FreeRTOS/FreeRTOS-Kernel/portable/GCC/ARM_CM4F/port.c.obj
                                0x469 (size before relaxing)
 .debug_str     0x00002a1a      0x333 CMakeFiles/stm32.elf.dir/F_/projects/comp_sci/embedded/libraries/FreeRTOS-LTS/FreeRTOS/FreeRTOS-Kernel/portable/MemMang/heap_4.c.obj
                                0x4f3 (size before relaxing)

.debug_frame    0x00000000     0x1ef4
 .debug_frame   0x00000000       0xe0 CMakeFiles/stm32.elf.dir/src/main.c.obj
 .debug_frame   0x000000e0       0x30 CMakeFiles/stm32.elf.dir/core/runtime.c.obj
 .debug_frame   0x00000110       0x44 CMakeFiles/stm32.elf.dir/core/faults.c.obj
 .debug_frame   0x00000154      0x100 CMakeFiles/stm32.elf.dir/drivers/gpio.c.obj
 .debug_frame   0x00000254      0x224 CMakeFiles/stm32.elf.dir/drivers/timer.c.obj
 .debug_frame   0x00000478      0x138 CMakeFiles/stm32.elf.dir/drivers/dma.c.obj
 .debug_frame   0x000005b0      0x434 CMakeFiles/stm32.elf.dir/drivers/uart.c.obj
 .debug_frame   0x000009e4      0x178 CMakeFiles/stm32.elf.dir/motion/stepper.c.obj
 .debug_frame   0x00000b5c       0x38 CMakeFiles/stm32.elf.dir/rtos/app_tasks.c.obj
 .debug_frame   0x00000b94       0x30 CMakeFiles/stm32.elf.dir/rtos/motion_task.c.obj
 .debug_frame   0x00000bc4       0x30 CMakeFiles/stm32.elf.dir/rtos/monitor_task.c.obj
 .debug_frame   0x00000bf4       0xa0 CMakeFiles/stm32.elf.dir/rtos/console_task.c.obj
 .debug_frame   0x00000c94      0x10c CMakeFiles/stm32.elf.dir/bsp/console.c.obj
 .debug_frame   0x00000da0       0x50 CMakeFiles/stm32.elf.dir/isr/isr.c.obj
 .debug_frame   0x00000df0      0x7ac CMakeFiles/stm32.elf.dir/F_/projects/comp_sci/embedded/libraries/FreeRTOS-LTS/FreeRTOS/FreeRTOS-Kernel/tasks.c.obj
 .debug_frame   0x0000159c      0x3f8 CMakeFiles/stm32.elf.dir/F_/projects/comp_sci/embedded/libraries/FreeRTOS-LTS/FreeRTOS/FreeRTOS-Kernel/queue.c.obj
 .debug_frame   0x00001994       0xd8 CMakeFiles/stm32.elf.dir/F_/projects/comp_sci/embedded/libraries/FreeRTOS-LTS/FreeRTOS/FreeRTOS-Kernel/list.c.obj
 .debug_frame   0x00001a6c      0x1a8 CMakeFiles/stm32.elf.dir/F_/projects/comp_sci/embedded/libraries/FreeRTOS-LTS/FreeRTOS/FreeRTOS-Kernel/portable/GCC/ARM_CM4F/port.c.obj
 .debug_frame   0x00001c14      0x174 CMakeFiles/stm32.elf.dir/F_/projects/comp_sci/embedded/libraries/FreeRTOS-LTS/FreeRTOS/FreeRTOS-Kernel/portable/MemMang/heap_4.c.obj
 .debug_frame   0x00001d88       0x2c g:/software/compilers/gcc_arm/gcc-arm-none-eabi-10.3-2021.10/bin/../lib/gcc/arm-none-eabi/10.3.1/../../../../arm-none-eabi/lib/thumb/v7e-m+fp/hard\libg.a(lib_a-memset.o)
 .debug_frame   0x00001db4       0x68 g:/software/compilers/gcc_arm/gcc-arm-none-eabi-10.3-2021.10/bin/../lib/gcc/arm-none-eabi/10.3.1/../../../../arm-none-eabi/lib/thumb/v7e-m+fp/hard\libg.a(lib_a-strcmp.o)
 .debug_frame   0x00001e1c       0x38 g:/software/compilers/gcc_arm/gcc-arm-none-eabi-10.3-2021.10/bin/../lib/gcc/arm-none-eabi/10.3.1/../../../../arm-none-eabi/lib/thumb/v7e-m+fp/hard\libg.a(lib_a-strncmp.o)
 .debug_frame   0x00001e54       0x80 g:/software/compilers/gcc_arm/gcc-arm-none-eabi-10.3-2021.10/bin/../lib/gcc/arm-none-eabi/10.3.1/../../../../arm-none-eabi/lib/thumb/v7e-m+fp/hard\libg.a(lib_a-strtol.o)
 .debug_frame   0x00001ed4       0x20 g:/software/compilers/gcc_arm/gcc-arm-none-eabi-10.3-2021.10/bin/../lib/gcc/arm-none-eabi/10.3.1/../../../../arm-none-eabi/lib/thumb/v7e-m+fp/hard\libg.a(lib_a-errno.o)

.debug_ranges   0x00000000       0x38
 .debug_ranges  0x00000000       0x18 CMakeFiles/stm32.elf.dir/drivers/uart.c.obj
 .debug_ranges  0x00000018       0x20 CMakeFiles/stm32.elf.dir/F_/projects/comp_sci/embedded/libraries/FreeRTOS-LTS/FreeRTOS/FreeRTOS-Kernel/tasks.c.obj
